WINAPI_SHIM_1.0 {
  global:
    GetCurrentProcess;
    GetCurrentProcessId;
    GetCurrentThreadId;
    ExitProcess;
    TerminateProcess;
    IsDebuggerPresent;
    IsProcessorFeaturePresent;
    GetLastError;
    SetLastError;
    VirtualAlloc;
    VirtualFree;
    HeapCreate;
    GetProcessHeap;
    HeapAlloc;
    HeapFree;
    HeapReAlloc;
    HeapSize;
    HeapSetInformation;
    GetStdHandle;
    SetStdHandle;
    CreateFileW;
    CloseHandle;
    ReadFile;
    WriteFile;
    SetFilePointerEx;
    FlushFileBuffers;
    GetFileType;
    GetSystemTimeAsFileTime;
    FindFirstFileExW;
    FindNextFileW;
    FindClose;
    GetConsoleCP;
    GetConsoleOutputCP;
    GetConsoleMode;
    SetConsoleMode;
    WriteConsoleA;
    FormatMessageA;
    WriteConsoleW;
    GetModuleHandleW;
    GetModuleHandleExW;
    GetModuleFileNameW;
    LoadLibraryExW;
    FreeLibrary;
    GetProcAddress;
    GetCommandLineA;
    GetCommandLineW;
    GetStartupInfoW;
    GetStartupInfoA;
    GetEnvironmentStrings;
    GetEnvironmentStringsW;
    FreeEnvironmentStringsA;
    FreeEnvironmentStringsW;
    SetEnvironmentVariableW;
    QueryPerformanceCounter;
    QueryPerformanceFrequency;
    GetTickCount;
    InitializeCriticalSectionAndSpinCount;
    InitializeCriticalSection;
    EnterCriticalSection;
    LeaveCriticalSection;
    DeleteCriticalSection;
    TlsAlloc;
    TlsFree;
    TlsGetValue;
    TlsSetValue;
    InitializeSListHead;
    GetACP;
    GetOEMCP;
    IsValidCodePage;
    GetCPInfo;
    MultiByteToWideChar;
    WideCharToMultiByte;
    LCMapStringW;
    LCMapStringA;
    GetStringTypeW;
    GetStringTypeA;
    CompareStringW;
    EncodePointer;
    DecodePointer;
    SetUnhandledExceptionFilter;
    UnhandledExceptionFilter;
    RtlUnwindEx;
    RtlVirtualUnwind;
    RtlLookupFunctionEntry;
    RtlCaptureContext;
    RtlPcToFileHeader;
    RaiseException;
    Sleep;
    FindFirstFileA;
    FindNextFileA;
    CreateFileA;
    DeleteFileA;
    SetFileAttributesA;
    GetCurrentDirectoryA;
    GetModuleFileNameA;
    LoadLibraryA;
    SetFilePointer;
    SetEndOfFile;
    SetFileTime;
    FileTimeToDosDateTime;
    DosDateTimeToFileTime;
    FlsAlloc;
    FlsFree;
    FlsGetValue;
    FlsSetValue;
    GetLocaleInfoA;
    ReadConsoleInputA;
    SetHandleCount;
    pthread_create;
  local:
    *;
};
