BMF lossless image compressor, v.2.01 (C) 1998-1999, 2009 by Dmitry Shkarin
File           t1.bmp, image 320x240x1, size - 9600: 0.270 bpp
[probe] ExitProcess(0), call counts:
[probe]   __sub_419430             0
[probe]   __sub_4159E0             60054
[probe]   __sub_418650             0
[probe]   __sub_4284E0             0
[probe]   __sub_42851C             0
[probe]   __sub_42AB20             1
[probe]   __sub_405CF0             0
[probe]   __sub_407460             0
[probe]   __sub_417200             1
[probe]   __sub_41A130             0
[probe]   __sub_41C4B0             0
[probe]   __sub_42C220             0
[probe]   __sub_402590             0
[probe]   __sub_4022C0             0
[probe]   __sub_436BD0             1
[probe]   __sub_428C40             0
[probe]   __sub_40F450             0
[probe]   __sub_408510             0
[probe]   __sub_40BEE0             0
[probe]   __sub_427740             0
[probe]   __sub_4273F0             0
[probe]   __sub_42A4E0             0
[probe]   __sub_42BC50             0
[probe]   __sub_429E80             0
[probe]   __sub_42BA40             0
[probe]   __sub_42B990             0
[probe]   __sub_42BB20             0
[probe]   __sub_4111B0             0
[probe]   __sub_410AC0             0
[probe]   __sub_40E860             0
[probe]   __sub_40CC50             0
[probe]   __sub_40CB70             0
[probe]   __sub_40B330             0
[probe]   __sub_40BBC0             0
[probe]   __sub_40AE10             0
[probe]   __sub_410310             0
[probe]   __sub_40FAC0             0
[probe]   __sub_40E590             0
[probe]   __sub_40CF80             0
[probe]   __sub_40DEB0             0
[probe]   __sub_40E4D0             0
[probe]   __sub_40AF40             0
[probe]   __sub_402E70             0
[probe]   __sub_402E10             0
[probe]   __sub_42C090             0
[probe]   __sub_402EB0             0
[probe]   __sub_4149C0             0
[probe]   __sub_402BD0             1
[probe]   __exit_402E40            0
[probe]   __sub_407EF0             0
[probe]   __sub_4081E0             0
[probe]   __sub_414860             5
[probe]   __sub_429C80             1
[probe]   __sub_42B0C0             0
[probe]   __sub_42B830             1
[probe]   __sub_4229E0             0
[probe]   __sub_4346D0             1
[probe]   __sub_434A30             1
[probe]   __sub_42D3E8             1
[probe]   __sub_42CBB0             1
[probe]   __sub_428050             4
[probe]   __sub_427F40             4
[probe]   __sub_4280B0             11
[probe]   __sub_42CAD0             0
[probe]   __sub_429DB0             11
[probe]   __sub_424500             0
[probe]   __sub_4256F0             0
[probe]   __sub_4259F0             0
[probe]   __sub_413430             0
[probe]   __sub_4248D0             0
[probe]   __sub_4244A0             0
[probe]   __sub_419680             1
[probe]   __sub_419610             0
[probe]   __sub_416C90             60054
[probe]   __sub_416860             7761
[probe]   __sub_415270             1
[probe]   __sub_414CE0             1
[probe]   __sub_414920             0
[probe]   __sub_4148F0             101
[probe]   __sub_414800             0
[probe]   __sub_414620             0
[probe]   __sub_414390             0
[probe]   __sub_413E60             0
[probe]   __sub_414060             0
[probe]   __sub_4135A0             0
[probe]   __sub_413900             0
[probe]   __sub_413560             0
[probe]   __sub_413230             3058
[probe]   __sub_412B10             1
[probe]   __sub_412850             0
[probe]   __sub_412490             9955
[probe]   __sub_4123E0             0
[probe]   __sub_412340             0
[probe]   __sub_412300             0
[probe]   __sub_412280             0
[probe]   __sub_412110             1
[probe]   __sub_411FD0             3551
[probe]   __sub_411E90             52687
[probe]   __sub_4118A0             0
[probe]   __sub_4108C0             0
[probe]   __sub_410650             0
[probe]   __sub_402DF0             1
[probe]   __sub_402FB0             1
